=== Phase 3: CatBoost ablation, iwpc_6256 ===
      n        mae        r2      pw20     model feature_set
0  1207  10.669750  0.242114  0.368683  catboost    clinical
1  1207  10.037849  0.304055  0.405965  catboost     genetic
2  1207   8.874502  0.445789  0.454847  catboost    combined

=== Phase 3: CatBoost ablation, iwpc_1780 ===
     n        mae        r2      pw20     model feature_set
0  356  10.305756  0.186862  0.424157  catboost    clinical
1  356   9.015286  0.310316  0.483146  catboost     genetic
2  356   8.724522  0.398501  0.471910  catboost    combined

=== Phase 4: ancestry holdout with real CatBoost, iwpc_6256 ===
Traceback (most recent call last):
  File "_catboost.pyx", line 2534, in _catboost.get_float_feature
  File "_catboost.pyx", line 1228, in _catboost._FloatOrNan
  File "_catboost.pyx", line 1023, in _catboost._FloatOrNanFromString
TypeError: Cannot convert 'female' to float

During handling of the above exception, another exception occurred:

Traceback (most recent call last):
  File "/Users/hassan/Documents/Work/SURE-AIC-Research/Warfin/SURE-Program/Models-Development/model_dev/run_catboost_local.py", line 25, in <module>
    result4_6256 = run_phase4_iwpc6256(df6256, build_catboost, which="combined")
                   ^^^^^^^^^^^^^^^^^^^^^^^^^^^^^^^^^^^^^^^^^^^^^^^^^^^^^^^^^^^^^
  File "/Users/hassan/Documents/Work/SURE-AIC-Research/Warfin/SURE-Program/Models-Development/model_dev/phase4_ancestry_holdout.py", line 103, in run_phase4_iwpc6256
    return leave_one_ancestry_out(
           ^^^^^^^^^^^^^^^^^^^^^^^
  File "/Users/hassan/Documents/Work/SURE-AIC-Research/Warfin/SURE-Program/Models-Development/model_dev/phase4_ancestry_holdout.py", line 76, in leave_one_ancestry_out
    pipeline.fit(X_train, y_train)
  File "/Users/hassan/Documents/Work/SURE-AIC-Research/Warfin/Systematic Review /data/.venv/lib/python3.11/site-packages/catboost/core.py", line 5873, in fit
    return self._fit(X, y, cat_features, text_features, embedding_features, None, graph, sample_weight, None, None, None, None, baseline,
           ^^^^^^^^^^^^^^^^^^^^^^^^^^^^^^^^^^^^^^^^^^^^^^^^^^^^^^^^^^^^^^^^^^^^^^^^^^^^^^^^^^^^^^^^^^^^^^^^^^^^^^^^^^^^^^^^^^^^^^^^^^^^^^
  File "/Users/hassan/Documents/Work/SURE-AIC-Research/Warfin/Systematic Review /data/.venv/lib/python3.11/site-packages/catboost/core.py", line 2395, in _fit
    train_params = self._prepare_train_params(
                   ^^^^^^^^^^^^^^^^^^^^^^^^^^^
  File "/Users/hassan/Documents/Work/SURE-AIC-Research/Warfin/Systematic Review /data/.venv/lib/python3.11/site-packages/catboost/core.py", line 2275, in _prepare_train_params
    train_pool = _build_train_pool(X, y, cat_features, text_features, embedding_features, pairs, graph,
                 ^^^^^^^^^^^^^^^^^^^^^^^^^^^^^^^^^^^^^^^^^^^^^^^^^^^^^^^^^^^^^^^^^^^^^^^^^^^^^^^^^^^^^^
  File "/Users/hassan/Documents/Work/SURE-AIC-Research/Warfin/Systematic Review /data/.venv/lib/python3.11/site-packages/catboost/core.py", line 1513, in _build_train_pool
    train_pool = Pool(X, y, cat_features=cat_features, text_features=text_features, embedding_features=embedding_features, pairs=pairs, graph=graph, weight=sample_weight, group_id=group_id,
                 ^^^^^^^^^^^^^^^^^^^^^^^^^^^^^^^^^^^^^^^^^^^^^^^^^^^^^^^^^^^^^^^^^^^^^^^^^^^^^^^^^^^^^^^^^^^^^^^^^^^^^^^^^^^^^^^^^^^^^^^^^^^^^^^^^^^^^^^^^^^^^^^^^^^^^^^^^^^^^^^^^^^^^^^^^^^^
  File "/Users/hassan/Documents/Work/SURE-AIC-Research/Warfin/Systematic Review /data/.venv/lib/python3.11/site-packages/catboost/core.py", line 855, in __init__
    self._init(data, label, cat_features, text_features, embedding_features, embedding_features_data, pairs, graph, weight,
  File "/Users/hassan/Documents/Work/SURE-AIC-Research/Warfin/Systematic Review /data/.venv/lib/python3.11/site-packages/catboost/core.py", line 1491, in _init
    self._init_pool(data, label, cat_features, text_features, embedding_features, embedding_features_data, pairs, graph, weight,
  File "_catboost.pyx", line 4329, in _catboost._PoolBase._init_pool
  File "_catboost.pyx", line 4381, in _catboost._PoolBase._init_pool
  File "_catboost.pyx", line 4190, in _catboost._PoolBase._init_features_order_layout_pool
  File "_catboost.pyx", line 3114, in _catboost._set_features_order_data_pd_data_frame
  File "_catboost.pyx", line 2578, in _catboost.create_num_factor_data
  File "_catboost.pyx", line 2536, in _catboost.get_float_feature
_catboost.CatBoostError: Bad value for num_feature[non_default_doc_idx=0,feature_idx=0]="female": Cannot convert 'female' to float
